eeschema (2013-07-07 BZR 4022)-stable  >> Creation date: 11/03/2014 14:13:16
#Cmp ( order = Reference )
| C1         C           
| C2         0.1uF       
| C3         10uF        
| C4         0.1uF       
| C5         0.1uF       
| C6         47uF        
| C7         10uF        
| C8         3.3nF       
| C9         56nF        
| C10        22pF        
| C11        22pF        
| C12        0.1uF       
| C13        0.1uF       
| C14        0.1uF       
| C15        10uF        
| C16        10uF        
| C17        0.1uF       
| C18        10uF        
| C19        0.1uF       
| C20        0.1uF       
| C21        4.7uF       
| C22        0.1uF       
| C23        4.7uF       
| C24        10nF        
| C25        0.1uF       
| C26        4.7uF       
| C27        0.1uF       
| C28        0.1uF       
| C29        0.1uF       
| C30        0.1uF       
| C31        27pF        
| C32        27pF        
| C33        0.1uF       
| C34        0.1uF       
| C35        0.1uF       
| C36        10nF        
| C37        10nF        
| C38        47uF        
| C39        47uF        
| C40        47uF        
| C41        47uF        
| C42        5.6nF       
| C43        5.6nF       
| CON1       BARREL_JACK 
| CON2       USB-MINI-B  
| D1         DIODESCH    
| D2         DIODE       
| J1         IN_L        
| J2         IN_R        
| J3         OUT_L       
| J4         OUT_R       
| L1         DC600/0.5A  
| L2         DC600/0.5A  
| L3         DC600/0.5A  
| Q1         ZXTN25040DFH
| R1         10k         
| R2         10k         
| R3         1k          
| R4         18k         
| R5         100         
| R6         475         
| R7         1k          
| R8         12k         
| R9         39k         
| R10        1k          
| R11        1k          
| R12        10k         
| R13        10k         
| R14        560         
| R15        560         
| SW1        RST         
| SW2        SWITCH_INV  
| SW3        SWITCH_INV  
| U1         24C512      
| U2         ADAU1701    
| U3         UA78M33     
| U4         FT232H      
| X1         12.288MHz   
| X2         12MHz       
#End Cmp

#Cmp ( order = Value )
| 22pF         C10       
| 22pF         C11       
| 27pF         C31       
| 27pF         C32       
| 3.3nF        C8        
| 5.6nF        C42       
| 5.6nF        C43       
| 10nF         C24       
| 10nF         C36       
| 10nF         C37       
| 56nF         C9        
| 0.1uF        C2        
| 0.1uF        C4        
| 0.1uF        C5        
| 0.1uF        C12       
| 0.1uF        C13       
| 0.1uF        C14       
| 0.1uF        C17       
| 0.1uF        C19       
| 0.1uF        C20       
| 0.1uF        C22       
| 0.1uF        C25       
| 0.1uF        C27       
| 0.1uF        C28       
| 0.1uF        C29       
| 0.1uF        C30       
| 0.1uF        C33       
| 0.1uF        C34       
| 0.1uF        C35       
| 4.7uF        C21       
| 4.7uF        C23       
| 4.7uF        C26       
| 10uF         C3        
| 10uF         C7        
| 10uF         C15       
| 10uF         C16       
| 10uF         C18       
| 47uF         C6        
| 47uF         C38       
| 47uF         C39       
| 47uF         C40       
| 47uF         C41       
| C            C1        
| BARREL_JACK  CON1      
| USB-MINI-B   CON2      
| DIODESCH     D1        
| DIODE        D2        
| IN_L         J1        
| IN_R         J2        
| OUT_L        J3        
| OUT_R        J4        
| DC600/0.5A   L1        
| DC600/0.5A   L2        
| DC600/0.5A   L3        
| ZXTN25040DFH Q1        
| 100          R5        
| 475          R6        
| 560          R14       
| 560          R15       
| 1k           R3        
| 1k           R7        
| 1k           R10       
| 1k           R11       
| 10k          R1        
| 10k          R2        
| 10k          R12       
| 10k          R13       
| 12k          R8        
| 18k          R4        
| 39k          R9        
| RST          SW1       
| SWITCH_INV   SW2       
| SWITCH_INV   SW3       
| 24C512       U1        
| UA78M33      U3        
| ADAU1701     U2        
| FT232H       U4        
| 12MHz        X2        
| 12.288MHz    X1        
#End Cmp

#End List
